
> ams@0.1.0 build
> next build

   Γû▓ Next.js 15.5.3
   - Environments: .env

   Creating an optimized production build ...
node.exe : Failed to 
compile.
At C:\Program Files\nod
ejs\npm.ps1:29 char:3
+   & $NODE_EXE 
$NPM_CLI_JS $args
+   ~~~~~~~~~~~~~~~~~~~
~~~~~~~~~~
    + CategoryInfo     
         : NotSpecifi  
  ed: (Failed to com   
 pile.:String) [],     
RemoteException
    + FullyQualifiedEr 
   rorId : NativeComm  
  andError
 

./src/app/admin/page.ts
x
Error:   [31mx[0m 
`ssr: false` is not 
allowed with 
`next/dynamic` in 
Server Components. 
Please move it into a 
Client Component.
    ,-[[36;1;4mC:\User
s\hp\OneDrive\Desktop\P
roject\ams\src\app\admi
n\page.tsx[0m:3:1]
 [2m 1[0m |     
import dynamic from 
"next/dynamic";
 [2m 2[0m |     
 [2m 3[0m | [35;1m,
[0m[35;1m-[0m[35;1m>
[0m const AdAlumni = 
dynamic(() => import(".
./components/adAlumni")
, {
 [2m 4[0m | 
[35;1m|[0m     
loading: () => (
 [2m 5[0m | 
[35;1m|[0m       
<div className="flex 
items-center 
justify-center 
min-h-[50vh]">
 [2m 6[0m | 
[35;1m|[0m         
<div className="animate
-spin rounded-full h-8 
w-8 border-b-2 border-v
iolet-600"></div>
 [2m 7[0m | 
[35;1m|[0m       
</div>
 [2m 8[0m | 
[35;1m|[0m     ),
 [2m 9[0m | 
[35;1m|[0m     ssr: 
false, // Disabling 
SSR may be appropriate 
depending on whether 
AdAlumni needs it
 [2m10[0m | [35;1m`
[0m[35;1m-[0m[35;1m>
[0m });
 [2m11[0m |     
 [2m12[0m |     
export default 
function () {
 [2m12[0m |       
    `----

Import trace for 
requested module:
./src/app/admin/page.ts
x


> Build failed because 
of webpack errors
